                                    Example
         0     1     2     3     4     5     6     7     8     9    10

         +--.  +--.  +--.  +--.  +--.  +--.  +--.~ +--.  +--.  +--.
     clk +  '--+  '--+  '--+  '--+  '--+  '--+  '~-+  '--+  '--+  '--

         /xxxxxxxxxx\/head\/body\/tail\/xxxxxxxxx~\/   data   \/xxxx\
     bus \xxxxxxxxxx/\----/\----/\----/\xxxxxxxxx~/\----------/\xxxx/

                     .-----------------.         ~ .-----------.
    wire ------------'                 '---------~-'           '-----




. mem
|        /xxxx\/   0x10   \/   0x14   \/xxxx\
|   addr \xxxx/\----------/\----------/\xxxx/
|
|        _______                 .-----._____
|     we       .-----------------'
|
| . flags
| |            ...................
| |   pu ------'                 '...........
| '
'
         ----------------------------------------~-.     .-----------
     ack                                         ~ '-----'
                     '------------cross------------.
                     .-----------------.         ~ v-----------.
     req ------------'                 '---------~-'           '-----
                     '----------------------------->
            0           2           4           6           8