                                    Example
         0     1     2     3     4     5     6     7     8     9    10
         .--.  .--.  .--.  .--.  .--.  .--.  .--.: .--.  .--.  .--.
     clk ^  |  ^  |  ^  |  ^  |  ^  |  ^  |  ^  |: ^  |  ^  |  ^  |
         '  '--'  '--'  '--'  '--'  '--'  '--'  ':-'  '--'  '--'  '--
         .-----------+-----+-----+-----+---------:-+-----------+----.
     bus |xxxxxxxxxxx|head |body |tail |xxxxxxxxx:x|   data    |xxxx|
         '-----------+-----+-----+-----+---------:-+-----------+----'
                     .-----------------.         : .-----------.
    wire             |                 |         : |           |
         ------------'                 '---------:-'           '-----



. mem
|        .-----+-----------+-----------+----.
|   addr |xxxxx|   0x10    |   0x14    |xxxx|
|        '-----+-----------+-----------+----'
|                                .-----.
|     we ------.                 |     '-----
|              '-----------------'
| . flags
| |            ...................
| |   pu       |                 |
| |      ------'                 '...........
| '
'
         ----------------------------------------:-.     .-----------
     ack             a------------cross------------b     |
                                                 : |-----'
                     .-----------------.         : v-----------.
     req             c-----------------------------d           |
         ------------'                 '---------:-'           '-----
            0           2           4           6           8