       .--.  .--.  .--.  .--.
     p |  |  |  |  |  |  |  |
       '  '--'  '--'  '--'  '--
       .--.  .--.  .--.  .--.
     P |  |  |  |  |  |  |  |
       '  '--'  '--'  '--'  '--
       .  .--.  .--.  .--.  .--
     n |  |  |  |  |  |  |  |
       '--'  '--'  '--'  '--'
       .  .--.  .--.  .--.  .--
     N |  |  |  |  |  |  |  |
       '--'  '--'  '--'  '--'
             .-----.     .-----
    hl       |     |     |
       ------'     '-----'
       .-----.     .-----.     .-----.
period |     |     |     |     |     |
       '     '-----'     '-----'     '-----
          .-----------.
 phase    |           |
       ---'           '-----