             ╭─────╮▁▁▁▁▁╭─────╮     ▁▁▁▁▁▁╱░░░░╲╱    ╲▁▁▁▁▁▁
levels ──────╯                 ╰─────╯     ╲░░░░╱╲────╱

             ╭╌╌╌╌╌╮     ╭─────╌╌╌╌╌╌╮
  weak ──────╯     ╰╌╌╌╌╌╯           ╰╌╌╌╌╌──────

       ╱ a  ╲╱ b  ╲╱ c  ╲╱ d  ╲╱ e  ╲╱ f  ╲╱ g  ╲╱ h  ╲╱ i  ╲
   bus ╲────╱╲────╱╲────╱╲────╱╲────╱╲────╱╲────╱╲────╱╲────╱

       ╱lon…╲╱ ab ╲╱abc ╲╱abcd╲
narrow ╲────╱╲────╱╲────╱╲────╱

                       ┆ ╭───────────────┆─╲       x       ┆╲
  gaps ────────────────┆─╯               ┆ ╲───────────────┆╱

       ╱░░░░░░░░░░░░░░░░╲╱ q  ╲╱░░░░╲
    xs ╲░░░░░░░░░░░░░░░░╱╲────╱╲░░░░╱