             ╭─────╮     ╭─────╮           ╭─────┬────╮
levels       │     ╰─────╯     │     ╭─────┤░░░░░│    ├──────
       ──────╯                 ╰─────╯     ╰─────┴────╯

             ╭╌╌╌╌╌╮     ╭─────╌╌╌╌╌╌╮
  weak       │     │     │           │
       ──────╯     ╰╌╌╌╌╌╯           ╰╌╌╌╌╌──────

       ╭─────┬─────┬─────┬─────┬─────┬─────┬─────┬─────┬────╮
   bus │  a  │  b  │  c  │  d  │  e  │  f  │  g  │  h  │ i  │
       ╰─────┴─────┴─────┴─────┴─────┴─────┴─────┴─────┴────╯

       ╭─────┬─────┬─────┬────╮
narrow │long…│ ab  │ abc │abcd│
       ╰─────┴─────┴─────┴────╯

                       ┆ ╭───────────────┆─┬───────────────┆╮
  gaps                 ┆ │               ┆ │       x       ┆│
       ────────────────┆─╯               ┆ ╰───────────────┆╯

       ╭─────────────────┬─────┬────╮
    xs │░░░░░░░░░░░░░░░░░│  q  │░░░░│
       ╰─────────────────┴─────┴────╯